=== COMMIT AND PUSH LOG === 
Thu 05/21/2026 17:36:20.38 
 
[0] Removing stale git lock files... 
Deleted HEAD.lock 
No index.lock found 
 
[1] git status 
On branch master
Your branch is ahead of 'origin/master' by 1 commit.
  (use "git push" to publish your local commits)

Changes not staged for commit:
  (use "git add <file>..." to update what will be committed)
  (use "git restore <file>..." to discard changes in working directory)
	modified:   .gitignore
	modified:   Context/Working_prefs.md.txt
	modified:   Frontends/bitbot13.tech/data/state.json
	modified:   Frontends/lvl13.tech/assets/app.js
	modified:   Frontends/lvl13.tech/assets/favicon.svg
	modified:   Frontends/lvl13.tech/assets/logo.svg
	modified:   Frontends/lvl13.tech/index.html
	modified:   Frontends/lvl13.tech/login.html
	modified:   Frontends/wallstbots.tech/index.html
	modified:   HANDOFF.md
	modified:   Project/config/secrets.json
	modified:   Project/scripts/__pycache__/refresh_bitbot13.cpython-310.pyc
	modified:   Project/scripts/__pycache__/refresh_wallstbots.cpython-310.pyc
	modified:   Project/scripts/refresh_bitbot13.py
	modified:   Project/scripts/refresh_wallstbots.py
	modified:   commit-push-log.txt
	modified:   final-push-20260520232140.txt

Untracked files:
  (use "git add <file>..." to include in what will be committed)
	FINAL-PUSH-V2.bat
	PUSH-FINAL-FIXES.bat
	Project/scripts/reset_fund_data.py
	Project/scripts/upload_lvl13_full.py
	REFRESH-DATA-NOW.bat
	UPLOAD-LVL13-TO-HOSTGATOR.bat
	final-push-v2-result.txt
	lvl13-tech-deploy-2026-05-20.zip
	push-final-fixes-result.txt
	refresh-data-result.txt
	upload-lvl13-result.txt
	ziDLQPLI

no changes added to commit (use "git add" and/or "git commit -a")
 
[2] git add refresh_wallstbots.py 
warning: in the working copy of 'Project/scripts/refresh_wallstbots.py', LF will be replaced by CRLF the next time Git touches it
ADD EXIT: 0 
 
[3] git commit 
[master 16d5ef1] feat: add refresh_wallstbots.py to repo
 1 file changed, 5 insertions(+), 1 deletion(-)
COMMIT EXIT: 0 
 
[4] git push origin master 
To https://github.com/lvl13tech/wallstbots.git
   f40dd71..16d5ef1  master -> master
PUSH EXIT: 0 
 
[5] git log 
16d5ef1 feat: add refresh_wallstbots.py to repo
ade4874 Fix Bot13 enrichment bug: re-value positions at current market prices
f40dd71 feat: add refresh_wallstbots.py to repo
d282ca5 fix: wallstbots login cross-platform text order
493fa51 fix: bitbot13 login page cross-platform text order
 
=== DONE === 
